+ python3 check_search_engine.py --search-engine-id 0
site:ru.stackoverflow.com mother 
found urls count: 10
success
+ '[' 0 '!=' 0 ']'
+ python3 check_search_engine.py --search-engine-id 1
site:ru.stackoverflow.com windows 
found urls count: 15
success
+ '[' 0 '!=' 0 ']'
+ python3 check_search_engine.py --search-engine-id 2
site:ru.stackoverflow.com father 
found urls count: 10
success
+ '[' 0 '!=' 0 ']'
